[2m오후 2:32:18[22m [31m[1m[vite][22m[39m [31m[2m(client)[22m[39m [31m[Unhandled error] [1mReferenceError[22m: changeToneClass is not defined
[39m > TickerDetail src/pages/TickerDetail.tsx:350:27
    348 |          <div className="ticker-price-group">
    349 |            <span className="ticker-price">{analysis.data_snapshot['Price']}</span>
    350 |            <span className={`ticker-daily-change ${changeToneClass(pct)}`}>
        |                             ^
    351 |              {analysis.data_snapshot['Daily Change']}
    352 |            </span>
 > Object.react_stack_bottom_frame node_modules/react-dom/cjs/react-dom-client.development.js:25904:19
 > renderWithHooks node_modules/react-dom/cjs/react-dom-client.development.js:7662:21
 > updateFunctionComponent node_modules/react-dom/cjs/react-dom-client.development.js:10166:18
 > beginWork node_modules/react-dom/cjs/react-dom-client.development.js:11778:17
 > runWithFiberInDEV node_modules/react-dom/cjs/react-dom-client.development.js:871:29
 > performUnitOfWork node_modules/react-dom/cjs/react-dom-client.development.js:17641:21
 > workLoopSync node_modules/react-dom/cjs/react-dom-client.development.js:17469:40
 > renderRootSync node_modules/react-dom/cjs/react-dom-client.development.js:17450:10
 > performWorkOnRoot node_modules/react-dom/cjs/react-dom-client.development.js:16583:34

[2m오후 2:32:18[22m [33m[1m[vite][22m[39m [33m[2m(client)[22m[39m [2m[console.warn] [22mAn error occurred in the <TickerDetail> component.

Consider adding an error boundary to your tree to customize error handling behavior.
Visit https://react.dev/link/error-boundaries to learn more about error boundaries.

[2m오전 11:39:40[22m [31m[1m[vite][22m[39m [31m[2m(client)[22m[39m [31m[Unhandled error] [1mTypeError[22m: Cannot read properties of undefined (reading 'trim')
[39m > stableIdPart src/utils/newsDesk.ts:581:15
    579 |  
    580 |  function stableIdPart(value: string): string {
    581 |    return value.trim().toLowerCase().replace(/[^a-z0-9가-힣]+/g, '-').replace(/^-+|-+$/g, '') || 'item'
        |                 ^
    582 |  }
    583 |  
 > buildMacroFeedItems src/utils/newsDesk.ts:304:19
 > buildFeedItems src/utils/newsDesk.ts:240:7
 > buildDashboardNewsDeskViewModel src/utils/newsDesk.ts:135:20
 > src/pages/Dashboard.tsx:178:6
 > mountMemo node_modules/react-dom/cjs/react-dom-client.development.js:8777:22
 > Object.useMemo node_modules/react-dom/cjs/react-dom-client.development.js:26216:17
 > exports.useMemo node_modules/react/cjs/react.development.js:1251:33
 > Dashboard src/pages/Dashboard.tsx:176:28
 > Object.react_stack_bottom_frame node_modules/react-dom/cjs/react-dom-client.development.js:25904:19

[2m오전 11:39:40[22m [33m[1m[vite][22m[39m [33m[2m(client)[22m[39m [2m[console.warn] [22mAn error occurred in the <Dashboard> component.

Consider adding an error boundary to your tree to customize error handling behavior.
Visit https://react.dev/link/error-boundaries to learn more about error boundaries.

[2m오전 11:40:44[22m [31m[1m[vite][22m[39m [31m[2m(client)[22m[39m [31m[Unhandled error] [1mTypeError[22m: Cannot read properties of undefined (reading 'trim')
[39m > stableIdPart src/utils/newsDesk.ts:581:15
    579 |  
    580 |  function stableIdPart(value: string): string {
    581 |    return value.trim().toLowerCase().replace(/[^a-z0-9가-힣]+/g, '-').replace(/^-+|-+$/g, '') || 'item'
        |                 ^
    582 |  }
    583 |  
 > buildMacroFeedItems src/utils/newsDesk.ts:304:19
 > buildFeedItems src/utils/newsDesk.ts:240:7
 > buildDashboardNewsDeskViewModel src/utils/newsDesk.ts:135:20
 > src/pages/Dashboard.tsx:178:6
 > mountMemo node_modules/react-dom/cjs/react-dom-client.development.js:8777:22
 > Object.useMemo node_modules/react-dom/cjs/react-dom-client.development.js:26216:17
 > exports.useMemo node_modules/react/cjs/react.development.js:1251:33
 > Dashboard src/pages/Dashboard.tsx:176:28
 > Object.react_stack_bottom_frame node_modules/react-dom/cjs/react-dom-client.development.js:25904:19

[2m오전 11:40:45[22m [33m[1m[vite][22m[39m [33m[2m(client)[22m[39m [2m[console.warn] [22mAn error occurred in the <Dashboard> component.

Consider adding an error boundary to your tree to customize error handling behavior.
Visit https://react.dev/link/error-boundaries to learn more about error boundaries.

[2m오후 12:07:47[22m [31m[1m[vite][22m[39m [31m[2m(client)[22m[39m [31m[Unhandled error] [1mTypeError[22m: Cannot read properties of undefined (reading 'trim')
[39m > stableIdPart src/utils/newsDesk.ts:581:15
    579 |  
    580 |  function stableIdPart(value: string): string {
    581 |    return value.trim().toLowerCase().replace(/[^a-z0-9가-힣]+/g, '-').replace(/^-+|-+$/g, '') || 'item'
        |                 ^
    582 |  }
    583 |  
 > buildMacroFeedItems src/utils/newsDesk.ts:304:19
 > buildFeedItems src/utils/newsDesk.ts:240:7
 > buildDashboardNewsDeskViewModel src/utils/newsDesk.ts:135:20
 > src/pages/Dashboard.tsx:178:6
 > mountMemo node_modules/react-dom/cjs/react-dom-client.development.js:8777:22
 > Object.useMemo node_modules/react-dom/cjs/react-dom-client.development.js:26216:17
 > exports.useMemo node_modules/react/cjs/react.development.js:1251:33
 > Dashboard src/pages/Dashboard.tsx:176:28
 > Object.react_stack_bottom_frame node_modules/react-dom/cjs/react-dom-client.development.js:25904:19

[2m오후 12:07:48[22m [33m[1m[vite][22m[39m [33m[2m(client)[22m[39m [2m[console.warn] [22mAn error occurred in the <Dashboard> component.

Consider adding an error boundary to your tree to customize error handling behavior.
Visit https://react.dev/link/error-boundaries to learn more about error boundaries.

[2m오후 1:19:09[22m [31m[1m[vite][22m[39m [31m[2m(client)[22m[39m [31m[Unhandled error] [1mTypeError[22m: Cannot read properties of undefined (reading 'trim')
[39m > stableIdPart src/utils/newsDesk.ts:581:15
    579 |  
    580 |  function stableIdPart(value: string): string {
    581 |    return value.trim().toLowerCase().replace(/[^a-z0-9가-힣]+/g, '-').replace(/^-+|-+$/g, '') || 'item'
        |                 ^
    582 |  }
    583 |  
 > buildMacroFeedItems src/utils/newsDesk.ts:304:19
 > buildFeedItems src/utils/newsDesk.ts:240:7
 > buildDashboardNewsDeskViewModel src/utils/newsDesk.ts:135:20
 > src/pages/Dashboard.tsx:178:6
 > updateMemo node_modules/react-dom/cjs/react-dom-client.development.js:8795:18
 > Object.useMemo node_modules/react-dom/cjs/react-dom-client.development.js:26484:17
 > exports.useMemo node_modules/react/cjs/react.development.js:1251:33
 > Dashboard src/pages/Dashboard.tsx:176:28
 > Object.react_stack_bottom_frame node_modules/react-dom/cjs/react-dom-client.development.js:25904:19

[2m오후 1:19:09[22m [33m[1m[vite][22m[39m [33m[2m(client)[22m[39m [2m[console.warn] [22mAn error occurred in the <Dashboard> component.

Consider adding an error boundary to your tree to customize error handling behavior.
Visit https://react.dev/link/error-boundaries to learn more about error boundaries.

[2m오후 1:34:53[22m [31m[1m[vite][22m[39m [31m[2m(client)[22m[39m [31m[Unhandled error] [1mTypeError[22m: Cannot read properties of undefined (reading 'trim')
[39m > stableIdPart src/utils/newsDesk.ts:580:15
    578 |  
    579 |  function stableIdPart(value: string): string {
    580 |    return value.trim().toLowerCase().replace(/[^a-z0-9가-힣]+/g, '-').replace(/^-+|-+$/g, '') || 'item'
        |                 ^
    581 |  }
    582 |  
 > buildMacroFeedItems src/utils/newsDesk.ts:304:19
 > buildFeedItems src/utils/newsDesk.ts:240:7
 > buildDashboardNewsDeskViewModel src/utils/newsDesk.ts:135:20
 > src/pages/Dashboard.tsx:178:6
 > mountMemo node_modules/react-dom/cjs/react-dom-client.development.js:8777:22
 > Object.useMemo node_modules/react-dom/cjs/react-dom-client.development.js:26216:17
 > exports.useMemo node_modules/react/cjs/react.development.js:1251:33
 > Dashboard src/pages/Dashboard.tsx:176:28
 > Object.react_stack_bottom_frame node_modules/react-dom/cjs/react-dom-client.development.js:25904:19

[2m오후 1:34:53[22m [33m[1m[vite][22m[39m [33m[2m(client)[22m[39m [2m[console.warn] [22mAn error occurred in the <Dashboard> component.

Consider adding an error boundary to your tree to customize error handling behavior.
Visit https://react.dev/link/error-boundaries to learn more about error boundaries.

